------------------------------------------------------------
Timing Analyzer Summary
------------------------------------------------------------

Type  : Slow 1200mV 85C Model Setup 'Clk'
Slack : 4.688
TNS   : 0.000

Type  : Slow 1200mV 85C Model Hold 'Clk'
Slack : 0.341
TNS   : 0.000

Type  : Slow 1200mV 85C Model Recovery 'Clk'
Slack : 15.154
TNS   : 0.000

Type  : Slow 1200mV 85C Model Removal 'Clk'
Slack : 2.220
TNS   : 0.000

Type  : Slow 1200mV 85C Model Minimum Pulse Width 'Clk'
Slack : 4.844
TNS   : 0.000

Type  : Slow 1200mV 0C Model Setup 'Clk'
Slack : 5.980
TNS   : 0.000

Type  : Slow 1200mV 0C Model Hold 'Clk'
Slack : 0.306
TNS   : 0.000

Type  : Slow 1200mV 0C Model Recovery 'Clk'
Slack : 15.568
TNS   : 0.000

Type  : Slow 1200mV 0C Model Removal 'Clk'
Slack : 2.005
TNS   : 0.000

Type  : Slow 1200mV 0C Model Minimum Pulse Width 'Clk'
Slack : 4.825
TNS   : 0.000

Type  : Fast 1200mV 0C Model Setup 'Clk'
Slack : 12.368
TNS   : 0.000

Type  : Fast 1200mV 0C Model Hold 'Clk'
Slack : 0.148
TNS   : 0.000

Type  : Fast 1200mV 0C Model Recovery 'Clk'
Slack : 17.809
TNS   : 0.000

Type  : Fast 1200mV 0C Model Removal 'Clk'
Slack : 0.953
TNS   : 0.000

Type  : Fast 1200mV 0C Model Minimum Pulse Width 'Clk'
Slack : 5.000
TNS   : 0.000

------------------------------------------------------------
